
attribvaltemplate	12	0	0	1
axes	130	0	0	2
boolean	90	0	0	1
conditional	23	0	0	0
conflictres	35	0	0	1
copy	62	0	0	6
dflt	4	0	0	0
expression	6	0	0	6
extend	4	0	0	4
impincl	29	0	0	1
lre	22	2	0	1
match	32	0	0	2
math	107	2	0	0
mdocs	18	0	0	9
message	16	0	0	2
modes	17	0	0	0
namedtemplate	19	0	0	1
namespace	133	31	0	0
node	21	0	0	0
output	108	0	0	41
position	111	0	0	1
predicate	58	0	0	0
processorinfo	1	0	0	1
reluri	11	0	0	3
select	85	0	0	1
sort	37	3	0	10
string	133	4	0	8
variable	70	0	0	2
ver	5	0	0	4
whitespace	22	1	0	10
AVTs	25	2	0	0
Attributes	83	9	0	7
BVTs	80	15	0	19
Comment	17	0	0	4
Completeness	9	0	0	0
ConflictResolution	40	6	0	1
Copying	5	0	0	1
Elements	69	8	0	1
Errors	107	4	0	0
Fallback	10	0	0	7
ForEach	1	0	0	0
ForwardComp	18	0	0	13
Import	44	1	0	5
Keys	41	0	0	6
Messages	11	1	0	0
Miscellaneous	56	0	0	3
Modes	19	0	0	0
NamedTemplates	27	3	0	1
Namespace	43	1	0	4
Namespace-alias	40	20	0	0
Namespace_XPath	9	0	0	2
ProcessingInstruction	19	0	0	1
RTF	3	0	0	1
Sorting	124	5	0	27
Stylesheet	17	4	0	12
Template	17	0	0	0
Text	38	1	0	4
Valueof	4	0	0	0
Variables	83	0	0	10
Whitespaces	49	0	0	38
XSLTFunctions	97	2	0	34
attributes	1	0	0	0
errors	9	0	0	0
include	2	0	0	0
processing-instruction	1	0	0	0
stylesheet	3	0	0	0
text	1	0	0	0
variables	15	0	0	0
